#name "../../ECS652U-cw-group1/testsuite/lexer/all_else_true.cool"
#1 ERROR else
Else
eLse
elSe
elsE
ELse
ElSe
ElsE
eLSe
eLsE
elSE
eLSE
ElSE
ELsE
ELSe
ELSE

true
tRue
trUe
truE
tRUe
tRuE
trUE
tRUE
True
TRue
TrUe
TruE
TRUe
TRuE
TrUE
TRUE
