#name "../../ECS652U-cw-group1/testsuite/lexer/backslash.cool"
#3 ERROR "\0\1\2\\0\\1\\2\t\f\b\n\r\a\b\c\d\e\f\g"

"\"this is still inside the string"

"I'm about to excape a newline \
"
