#name "../../ECS652U-cw-group1/testsuite/lexer/backslash2.cool"
#1 STRING "I'm not going to escape this newline
"

"This is also not escaped \\
"

"This is, though \\\
"

"\\"

"It's fine to have this: \n in a string"
