#name "../../ECS652U-cw-group1/testsuite/lexer/badidentifiers.cool"
#2 ERROR inky.binky.winky.dot
1thatwasanumber
two-objects
Two-Types
_underscore
Type-object
