#name "../../ECS652U-cw-group1/testsuite/lexer/badkeywords.cool"
#2 ERROR casee
elsif
form
es;ac
true9
False
fi_if
inh erits
isS
isv	Oid
Loopnew
NOte
ofofofofof
PO8ol
THEN
hile
ifif
IFIF
fif
