#name "../../ECS652U-cw-group1/testsuite/lexer/comment_in_string.cl.cool"
#2 STRING "string (* 123 *) string"
"string \
(* 123 *)"
"string (* \
123 *)"
