#name "../../ECS652U-cw-group1/testsuite/lexer/eofstring.cool"
#1 ERROR " there is an EOF coming... wait for it... wait for it...
