#name "../../ECS652U-cw-group1/testsuite/lexer/escapednull.cool"
#1 STRING "This contains an escaped null character \
