#name "../../ECS652U-cw-group1/testsuite/lexer/invalidinvisible.cool"
#2 ERROR gh
