#name "../../ECS652U-cw-group1/testsuite/lexer/opencomment.cool"
#1 ERROR (* fjkdsj (* fjk
dl;sa bjk;lfjk;a fd
saj;l jk
 kd;a *
#1 ')'
