#name "../../ECS652U-cw-group1/testsuite/lexer/s26.test.cool"
#2 ERROR (* this works, and the lang spec doesn't say it shouldn't;
 * this is numeric literal "3" and object id "a" *)
3a
