#name "../../ECS652U-cw-group1/testsuite/lexer/s31.test.cool"
#1 ERROR (* subtle: this is illegal *)
_
