#name "../../ECS652U-cw-group1/testsuite/lexer/s32.test.cool"
#1 ERROR -- tricky: this should be seen as an error, not two tokens
*)
