#name "../../ECS652U-cw-group1/testsuite/lexer/s34.test.cool"
#2 ERROR before_it

"this string \
doens't end
