#name "../../ECS652U-cw-group1/testsuite/lexer/simplestrings.cool"
#1 STRING "this is a string" "so is this"
"one more string"

"strings can have keywords inside: if else case"
"!@#$%^&*()_+1234567890-=	justanother string   "
