#name "../../ECS652U-cw-group1/testsuite/lexer/weirdcharcomment.cool"
#1 ERROR (*
*)
test
