#name "../../ECS652U-cw-group1/testsuite/lexer/endcomment.cool"
#1 TYPEID This
#1 OBJECTID comment
#1 OBJECTID was
#1 OBJECTID never
#1 OBJECTID begun
#1 ERROR "Unmatched *)"
