#name "../../ECS652U-cw-group1/testsuite/lexer/escaped_chars_in_comment.cl.cool"
#7 OBJECTID mno
