#name "../../ECS652U-cw-group1/testsuite/lexer/escapedeof.cool"
#2 ERROR "EOF in string constant"
