#name "../../ECS652U-cw-group1/testsuite/lexer/escapedquote.cool"
#1 ERROR "EOF in string constant"
