#name "../../ECS652U-cw-group1/testsuite/lexer/invalidinvisible.cool"
#1 OBJECTID g
#1 ERROR "\001"
#1 ERROR "\002"
#1 ERROR "\003"
#1 ERROR "\004"
#1 OBJECTID h
