#name "../../ECS652U-cw-group1/testsuite/lexer/lineno3.cool"
#7 '+'
#8 OBJECTID abc
#12 TYPEID DEF
#13 STR_CONST "string"
