#name "../../ECS652U-cw-group1/testsuite/lexer/null_in_string.cl.cool"
#2 ERROR "String contains null character."
