#name "../../ECS652U-cw-group1/testsuite/lexer/opencomment.cool"
#4 ERROR "EOF in comment"
