#name "../../ECS652U-cw-group1/testsuite/lexer/s03.test.cool"
