#name "../../ECS652U-cw-group1/testsuite/lexer/s14.test.cool"
#1 OBJECTID token
#1 OBJECTID token2
