#name "../../ECS652U-cw-group1/testsuite/lexer/s26.test.cool"
#3 INT_CONST 3
#3 OBJECTID a
