#name "../../ECS652U-cw-group1/testsuite/lexer/s32.test.cool"
#2 ERROR "Unmatched *)"
