#name "../../ECS652U-cw-group1/testsuite/lexer/s33.test.cool"
#3 OBJECTID before_the_comment
#8 ERROR "EOF in comment"
