#name "../../ECS652U-cw-group1/testsuite/lexer/s34.test.cool"
#1 OBJECTID before_it
#5 ERROR "Unterminated string constant"
