#name "../../ECS652U-cw-group1/testsuite/lexer/twice_512_nested_comments.cl.cool"
#46 OBJECTID ident2
