#name "../../ECS652U-cw-group1/testsuite/lexer/wq0607-c1.cool"
#4 STR_CONST "--"
